{
  "version": "1.5.0",
  "plugins_used": [
    {
      "name": "ArtifactoryDetector"
    },
    {
      "name": "AWSKeyDetector"
    },
    {
      "name": "AzureStorageKeyDetector"
    },
    {
      "name": "Base64HighEntropyString",
      "limit": 4.5
    },
    {
      "name": "BasicAuthDetector"
    },
    {
      "name": "CloudantDetector"
    },
    {
      "name": "DiscordBotTokenDetector"
    },
    {
      "name": "GitHubTokenDetector"
    },
    {
      "name": "GitLabTokenDetector"
    },
    {
      "name": "HexHighEntropyString",
      "limit": 3.0
    },
    {
      "name": "IbmCloudIamDetector"
    },
    {
      "name": "IbmCosHmacDetector"
    },
    {
      "name": "IPPublicDetector"
    },
    {
      "name": "JwtTokenDetector"
    },
    {
      "name": "KeywordDetector",
      "keyword_exclude": ""
    },
    {
      "name": "MailchimpDetector"
    },
    {
      "name": "NpmDetector"
    },
    {
      "name": "OpenAIDetector"
    },
    {
      "name": "PrivateKeyDetector"
    },
    {
      "name": "PypiTokenDetector"
    },
    {
      "name": "SendGridDetector"
    },
    {
      "name": "SlackDetector"
    },
    {
      "name": "SoftlayerDetector"
    },
    {
      "name": "SquareOAuthDetector"
    },
    {
      "name": "StripeDetector"
    },
    {
      "name": "TelegramBotTokenDetector"
    },
    {
      "name": "TwilioKeyDetector"
    }
  ],
  "filters_used": [
    {
      "path": "detect_secrets.filters.allowlist.is_line_allowlisted"
    },
    {
      "path": "detect_secrets.filters.common.is_baseline_file",
      "filename": ".secrets.baseline"
    },
    {
      "path": "detect_secrets.filters.common.is_ignored_due_to_verification_policies",
      "min_level": 2
    },
    {
      "path": "detect_secrets.filters.heuristic.is_indirect_reference"
    },
    {
      "path": "detect_secrets.filters.heuristic.is_likely_id_string"
    },
    {
      "path": "detect_secrets.filters.heuristic.is_lock_file"
    },
    {
      "path": "detect_secrets.filters.heuristic.is_not_alphanumeric_string"
    },
    {
      "path": "detect_secrets.filters.heuristic.is_potential_uuid"
    },
    {
      "path": "detect_secrets.filters.heuristic.is_prefixed_with_dollar_sign"
    },
    {
      "path": "detect_secrets.filters.heuristic.is_sequential_string"
    },
    {
      "path": "detect_secrets.filters.heuristic.is_swagger_file"
    },
    {
      "path": "detect_secrets.filters.heuristic.is_templated_secret"
    },
    {
      "path": "detect_secrets.filters.regex.should_exclude_file",
      "pattern": [
        ".git/.*",
        "build/.*"
      ]
    }
  ],
  "results": {
    ".github/workflows/release.yml": [
      {
        "type": "Secret Keyword",
        "filename": ".github/workflows/release.yml",
        "hashed_secret": "f43e6425d0a71ec4ca1934f4f0651971f86f253e",
        "is_verified": false,
        "line_number": 172,
        "is_secret": false
      }
    ],
    "third_party/tinted-themes/LOCK.json": [
      {
        "type": "Hex High Entropy String",
        "filename": "third_party/tinted-themes/LOCK.json",
        "hashed_secret": "b62b69cdb1a4748fd4925e5b0dfdf7ed3f011c60",
        "is_verified": false,
        "line_number": 5,
        "is_secret": false
      },
      {
        "type": "Hex High Entropy String",
        "filename": "third_party/tinted-themes/LOCK.json",
        "hashed_secret": "eb750b83e9599195ed9ed4021a8a806dc5c10154",
        "is_verified": false,
        "line_number": 12,
        "is_secret": false
      },
      {
        "type": "Hex High Entropy String",
        "filename": "third_party/tinted-themes/LOCK.json",
        "hashed_secret": "1c442924a9219746821270a0351d36f2f23486ee",
        "is_verified": false,
        "line_number": 22,
        "is_secret": false
      },
      {
        "type": "Hex High Entropy String",
        "filename": "third_party/tinted-themes/LOCK.json",
        "hashed_secret": "b9be662e95097d7c647474d535d47e380e84efcb",
        "is_verified": false,
        "line_number": 28,
        "is_secret": false
      },
      {
        "type": "Hex High Entropy String",
        "filename": "third_party/tinted-themes/LOCK.json",
        "hashed_secret": "39b4891878d4941890fabec28cee8241151e181e",
        "is_verified": false,
        "line_number": 34,
        "is_secret": false
      },
      {
        "type": "Hex High Entropy String",
        "filename": "third_party/tinted-themes/LOCK.json",
        "hashed_secret": "4ebe4a7bf7b5395ad1615129d08b51edadae3797",
        "is_verified": false,
        "line_number": 40,
        "is_secret": false
      },
      {
        "type": "Hex High Entropy String",
        "filename": "third_party/tinted-themes/LOCK.json",
        "hashed_secret": "5f30614c332c84ae9867f85997e72f7c2b02d23f",
        "is_verified": false,
        "line_number": 46,
        "is_secret": false
      },
      {
        "type": "Hex High Entropy String",
        "filename": "third_party/tinted-themes/LOCK.json",
        "hashed_secret": "addad4b2b4322ca4e86c139bb6f8823e28982610",
        "is_verified": false,
        "line_number": 52,
        "is_secret": false
      },
      {
        "type": "Hex High Entropy String",
        "filename": "third_party/tinted-themes/LOCK.json",
        "hashed_secret": "b63828cfa184393824c270891f414e52462785b2",
        "is_verified": false,
        "line_number": 58,
        "is_secret": false
      },
      {
        "type": "Hex High Entropy String",
        "filename": "third_party/tinted-themes/LOCK.json",
        "hashed_secret": "5601c55db0b62dce532669f55a0111fa12ad2cca",
        "is_verified": false,
        "line_number": 64,
        "is_secret": false
      },
      {
        "type": "Hex High Entropy String",
        "filename": "third_party/tinted-themes/LOCK.json",
        "hashed_secret": "b5a2386a6b75c8efa5536f3ddda10f5f5ebade19",
        "is_verified": false,
        "line_number": 70,
        "is_secret": false
      },
      {
        "type": "Hex High Entropy String",
        "filename": "third_party/tinted-themes/LOCK.json",
        "hashed_secret": "4971e7b2762ae763913cc58de086126728b15067",
        "is_verified": false,
        "line_number": 76,
        "is_secret": false
      },
      {
        "type": "Hex High Entropy String",
        "filename": "third_party/tinted-themes/LOCK.json",
        "hashed_secret": "7e24c1b7705b468e76b157519fdc8b60b89bc90c",
        "is_verified": false,
        "line_number": 82,
        "is_secret": false
      },
      {
        "type": "Hex High Entropy String",
        "filename": "third_party/tinted-themes/LOCK.json",
        "hashed_secret": "babf4b97c7e4e21f382c5780aed85411eddb28d4",
        "is_verified": false,
        "line_number": 88,
        "is_secret": false
      }
    ]
  },
  "generated_at": "2026-07-12T00:19:20Z"
}
